23:30:03 **** Incremental Build of configuration Debug for project analogClock ****
make -j8 all 
arm-none-eabi-gcc -o "analogClock.elf" @"objects.list"   -mcpu=cortex-m3 -T"D:\lab1_Image\git\analogClock\STM32F103C6UX_FLASH.ld" --specs=nosys.specs -Wl,-Map="analogClock.map" -Wl,--gc-sections -static --specs=nano.specs -mfloat-abi=soft -mthumb -Wl,--start-group -lc -lm -Wl,--end-group
Finished building target: analogClock.elf
 
arm-none-eabi-size   analogClock.elf 
arm-none-eabi-objdump -h -S  analogClock.elf  > "analogClock.list"
arm-none-eabi-objcopy  -O ihex  analogClock.elf  "analogClock.hex"
arm-none-eabi-objcopy  -O binary  analogClock.elf  "analogClock.bin"
   text	   data	    bss	    dec	    hex	filename
   5512	     20	   1572	   7104	   1bc0	analogClock.elf
Finished building: default.size.stdout
 
Finished building: analogClock.hex
Finished building: analogClock.bin
 
 
Finished building: analogClock.list
 
