01:06:11 **** Incremental Build of configuration Debug for project ex4 ****
make -j8 all 
arm-none-eabi-gcc -o "ex4.elf" @"objects.list"   -mcpu=cortex-m3 -T"D:\lab1_Image\git\ex4\STM32F103C6UX_FLASH.ld" --specs=nosys.specs -Wl,-Map="ex4.map" -Wl,--gc-sections -static --specs=nano.specs -mfloat-abi=soft -mthumb -Wl,--start-group -lc -lm -Wl,--end-group
Finished building target: ex4.elf
 
arm-none-eabi-size   ex4.elf 
arm-none-eabi-objdump -h -S  ex4.elf  > "ex4.list"
arm-none-eabi-objcopy  -O ihex  ex4.elf  "ex4.hex"
   text	   data	    bss	    dec	    hex	filename
   5208	     20	   1572	   6800	   1a90	ex4.elf
arm-none-eabi-objcopy  -O binary  ex4.elf  "ex4.bin"
Finished building: default.size.stdout
 
Finished building: ex4.hex
Finished building: ex4.bin
 
Finished building: ex4.list
 
 
